7557  bind(64, {sa_family=AF_INET6, sin6_port=htons(554), sin6_flowinfo=htonl(0), inet_pton(AF_INET6, "::", &sin6_addr), sin6_scope_id=0}, 28) = 0
7557  listen(64, 1024)                  = 0
7557  prctl(PR_GET_NAME, "MediaServer") = 0
7557  prctl(PR_GET_NAME, "MediaServer") = 0
7557  write(5, "\0", 1 <unfinished ...>
7560  <... epoll_wait resumed>[{events=EPOLLIN, data={u32=4, u64=4}}], 1024, 1999) = 1
7557  <... write resumed>)              = 1
7560  read(4,  <unfinished ...>
7557  getsockname(64,  <unfinished ...>
7560  <... read resumed>"\0", 1024)     = 1
7557  <... getsockname resumed>{sa_family=AF_INET6, sin6_port=htons(554), sin6_flowinfo=htonl(0), inet_pton(AF_INET6, "::", &sin6_addr), sin6_scope_id=0}, [128 => 28]) = 0
7560  read(4,  <unfinished ...>
7557  getpeername(64,  <unfinished ...>
7560  <... read resumed>0x7fd1677fa710, 1024) = -1 EAGAIN (Resource temporarily unavailable)
7557  <... getpeername resumed>0x55fa52f82770, [128]) = -1 ENOTCONN (Transport endpoint is not connected)
7559  <... clock_nanosleep resumed>NULL) = 0
7560  prctl(PR_GET_NAME,  <unfinished ...>
7559  clock_nanosleep(CLOCK_REALTIME, 0, {tv_sec=0, tv_nsec=500000},  <unfinished ...>
7557  prctl(PR_GET_NAME,  <unfinished ...>
7560  <... prctl resumed>"event poller 0") = 0
7557  <... prctl resumed>"MediaServer") = 0
7560  epoll_ctl(6, EPOLL_CTL_ADD, 64, {events=EPOLLIN|EPOLLERR|EPOLLHUP|EPOLLEXCLUSIVE|EPOLLET, data={u32=64, u64=64}} <unfinished ...>
7557  prctl(PR_GET_NAME,  <unfinished ...>
7560  <... epoll_ctl resumed>)          = 0
7557  <... prctl resumed>"MediaServer") = 0
7560  epoll_wait(6,  <unfinished ...>
7557  write(62, "\0", 1 <unfinished ...>
7579  <... epoll_wait resumed>[{events=EPOLLIN, data={u32=61, u64=61}}], 1024, 2000) = 1
7557  <... write resumed>)              = 1
7579  read(61,  <unfinished ...>
7557  getsockname(64,  <unfinished ...>
7579  <... read resumed>"\0", 1024)     = 1
7557  <... getsockname resumed>{sa_family=AF_INET6, sin6_port=htons(554), sin6_flowinfo=htonl(0), inet_pton(AF_INET6, "::", &sin6_addr), sin6_scope_id=0}, [128 => 28]) = 0
7579  read(61,  <unfinished ...>
7557  getpeername(64,  <unfinished ...>
7579  <... read resumed>0x7fd124ff5710, 1024) = -1 EAGAIN (Resource temporarily unavailable)
7557  <... getpeername resumed>0x55fa52f8c230, [128]) = -1 ENOTCONN (Transport endpoint is not connected)
7579  prctl(PR_GET_NAME,  <unfinished ...>
7557  prctl(PR_GET_NAME,  <unfinished ...>
7579  <... prctl resumed>"event poller 19") = 0
7557  <... prctl resumed>"MediaServer") = 0
7579  epoll_ctl(63, EPOLL_CTL_ADD, 64, {events=EPOLLIN|EPOLLERR|EPOLLHUP|EPOLLEXCLUSIVE|EPOLLET, data={u32=64, u64=64}} <unfinished ...>
7557  prctl(PR_GET_NAME,  <unfinished ...>
7579  <... epoll_ctl resumed>)          = 0
7557  <... prctl resumed>"MediaServer") = 0
7579  epoll_wait(63,  <unfinished ...>
7557  write(59, "\0", 1 <unfinished ...>
7578  <... epoll_wait resumed>[{events=EPOLLIN, data={u32=58, u64=58}}], 1024, 2000) = 1
7557  <... write resumed>)              = 1
7578  read(58, "\0", 1024)              = 1
7578  read(58,  <unfinished ...>
7557  getsockname(64,  <unfinished ...>
7578  <... read resumed>0x7fd1257f6710, 1024) = -1 EAGAIN (Resource temporarily unavailable)
7557  <... getsockname resumed>{sa_family=AF_INET6, sin6_port=htons(554), sin6_flowinfo=htonl(0), inet_pton(AF_INET6, "::", &sin6_addr), sin6_scope_id=0}, [128 => 28]) = 0
7578  prctl(PR_GET_NAME,  <unfinished ...>
7557  getpeername(64,  <unfinished ...>
7578  <... prctl resumed>"event poller 18") = 0
7557  <... getpeername resumed>0x55fa52f8ba30, [128]) = -1 ENOTCONN (Transport endpoint is not connected)
7578  epoll_ctl(60, EPOLL_CTL_ADD, 64, {events=EPOLLIN|EPOLLERR|EPOLLHUP|EPOLLEXCLUSIVE|EPOLLET, data={u32=64, u64=64}} <unfinished ...>
7557  prctl(PR_GET_NAME,  <unfinished ...>
7578  <... epoll_ctl resumed>)          = 0
7557  <... prctl resumed>"MediaServer") = 0
7578  epoll_wait(60,  <unfinished ...>
7557  prctl(PR_GET_NAME,  <unfinished ...>
7559  <... clock_nanosleep resumed>NULL) = 0
7557  <... prctl resumed>"MediaServer") = 0
7559  clock_nanosleep(CLOCK_REALTIME, 0, {tv_sec=0, tv_nsec=500000},  <unfinished ...>
7557  write(56, "\0", 1 <unfinished ...>
7577  <... epoll_wait resumed>[{events=EPOLLIN, data={u32=55, u64=55}}], 1024, 1999) = 1
7557  <... write resumed>)              = 1
7577  read(55,  <unfinished ...>
7557  getsockname(64,  <unfinished ...>
7577  <... read resumed>"\0", 1024)     = 1
7557  <... getsockname resumed>{sa_family=AF_INET6, sin6_port=htons(554), sin6_flowinfo=htonl(0), inet_pton(AF_INET6, "::", &sin6_addr), sin6_scope_id=0}, [128 => 28]) = 0
7577  read(55,  <unfinished ...>
7557  getpeername(64,  <unfinished ...>
7577  <... read resumed>0x7fd125ff7710, 1024) = -1 EAGAIN (Resource temporarily unavailable)
7557  <... getpeername resumed>0x55fa52f8b230, [128]) = -1 ENOTCONN (Transport endpoint is not connected)
7577  prctl(PR_GET_NAME,  <unfinished ...>
7557  prctl(PR_GET_NAME,  <unfinished ...>
7577  <... prctl resumed>"event poller 17") = 0
7557  <... prctl resumed>"MediaServer") = 0
7577  epoll_ctl(57, EPOLL_CTL_ADD, 64, {events=EPOLLIN|EPOLLERR|EPOLLHUP|EPOLLEXCLUSIVE|EPOLLET, data={u32=64, u64=64}} <unfinished ...>
7557  prctl(PR_GET_NAME,  <unfinished ...>
7577  <... epoll_ctl resumed>)          = 0
7557  <... prctl resumed>"MediaServer") = 0
7577  epoll_wait(57,  <unfinished ...>
7557  write(53, "\0", 1 <unfinished ...>
7576  <... epoll_wait resumed>[{events=EPOLLIN, data={u32=52, u64=52}}], 1024, 2000) = 1
7557  <... write resumed>)              = 1
7576  read(52,  <unfinished ...>
7557  getsockname(64,  <unfinished ...>
7576  <... read resumed>"\0", 1024)     = 1
7557  <... getsockname resumed>{sa_family=AF_INET6, sin6_port=htons(554), sin6_flowinfo=htonl(0), inet_pton(AF_INET6, "::", &sin6_addr), sin6_scope_id=0}, [128 => 28]) = 0
7576  read(52,  <unfinished ...>
7557  getpeername(64,  <unfinished ...>
7576  <... read resumed>0x7fd1267f8710, 1024) = -1 EAGAIN (Resource temporarily unavailable)
7557  <... getpeername resumed>0x55fa52f8aa30, [128]) = -1 ENOTCONN (Transport endpoint is not connected)
7576  prctl(PR_GET_NAME,  <unfinished ...>
7557  prctl(PR_GET_NAME,  <unfinished ...>
7576  <... prctl resumed>"event poller 16") = 0
7557  <... prctl resumed>"MediaServer") = 0
7576  epoll_ctl(54, EPOLL_CTL_ADD, 64, {events=EPOLLIN|EPOLLERR|EPOLLHUP|EPOLLEXCLUSIVE|EPOLLET, data={u32=64, u64=64}} <unfinished ...>
7557  prctl(PR_GET_NAME,  <unfinished ...>
7576  <... epoll_ctl resumed>)          = 0
7557  <... prctl resumed>"MediaServer") = 0
7576  epoll_wait(54,  <unfinished ...>
7557  write(47, "\0", 1 <unfinished ...>
7574  <... epoll_wait resumed>[{events=EPOLLIN, data={u32=46, u64=46}}], 1024, 2000) = 1
7557  <... write resumed>)              = 1
7574  read(46,  <unfinished ...>
7557  getsockname(64,  <unfinished ...>
7574  <... read resumed>"\0", 1024)     = 1
7557  <... getsockname resumed>{sa_family=AF_INET6, sin6_port=htons(554), sin6_flowinfo=htonl(0), inet_pton(AF_INET6, "::", &sin6_addr), sin6_scope_id=0}, [128 => 28]) = 0
7574  read(46,  <unfinished ...>
7557  getpeername(64,  <unfinished ...>
7559  <... clock_nanosleep resumed>NULL) = 0
7574  <... read resumed>0x7fd1277fa710, 1024) = -1 EAGAIN (Resource temporarily unavailable)
7557  <... getpeername resumed>0x55fa52f89a30, [128]) = -1 ENOTCONN (Transport endpoint is not connected)
7559  clock_nanosleep(CLOCK_REALTIME, 0, {tv_sec=0, tv_nsec=500000},  <unfinished ...>
7574  prctl(PR_GET_NAME,  <unfinished ...>
7557  prctl(PR_GET_NAME,  <unfinished ...>
7574  <... prctl resumed>"event poller 14") = 0
7557  <... prctl resumed>"MediaServer") = 0
7574  epoll_ctl(48, EPOLL_CTL_ADD, 64, {events=EPOLLIN|EPOLLERR|EPOLLHUP|EPOLLEXCLUSIVE|EPOLLET, data={u32=64, u64=64}} <unfinished ...>
7557  prctl(PR_GET_NAME,  <unfinished ...>
7574  <... epoll_ctl resumed>)          = 0
7557  <... prctl resumed>"MediaServer") = 0
7574  epoll_wait(48,  <unfinished ...>
7557  write(8, "\0", 1 <unfinished ...>
7561  <... epoll_wait resumed>[{events=EPOLLIN, data={u32=7, u64=7}}], 1024, 1999) = 1
7557  <... write resumed>)              = 1
7561  read(7,  <unfinished ...>
7557  getsockname(64,  <unfinished ...>
7561  <... read resumed>"\0", 1024)     = 1
7557  <... getsockname resumed>{sa_family=AF_INET6, sin6_port=htons(554), sin6_flowinfo=htonl(0), inet_pton(AF_INET6, "::", &sin6_addr), sin6_scope_id=0}, [128 => 28]) = 0
7561  read(7,  <unfinished ...>
7557  getpeername(64,  <unfinished ...>
7561  <... read resumed>0x7fd166ff9710, 1024) = -1 EAGAIN (Resource temporarily unavailable)
7557  <... getpeername resumed>0x55fa52f83170, [128]) = -1 ENOTCONN (Transport endpoint is not connected)
7561  prctl(PR_GET_NAME,  <unfinished ...>
7557  prctl(PR_GET_NAME,  <unfinished ...>
7561  <... prctl resumed>"event poller 1") = 0
7557  <... prctl resumed>"MediaServer") = 0
7561  epoll_ctl(9, EPOLL_CTL_ADD, 64, {events=EPOLLIN|EPOLLERR|EPOLLHUP|EPOLLEXCLUSIVE|EPOLLET, data={u32=64, u64=64}} <unfinished ...>
7557  prctl(PR_GET_NAME,  <unfinished ...>
7561  <... epoll_ctl resumed>)          = 0
7557  <... prctl resumed>"MediaServer") = 0
7561  epoll_wait(9,  <unfinished ...>
7557  write(29, "\0", 1 <unfinished ...>
7568  <... epoll_wait resumed>[{events=EPOLLIN, data={u32=28, u64=28}}], 1024, 2000) = 1
7557  <... write resumed>)              = 1
7568  read(28,  <unfinished ...>
7557  getsockname(64,  <unfinished ...>
7568  <... read resumed>"\0", 1024)     = 1
7557  <... getsockname resumed>{sa_family=AF_INET6, sin6_port=htons(554), sin6_flowinfo=htonl(0), inet_pton(AF_INET6, "::", &sin6_addr), sin6_scope_id=0}, [128 => 28]) = 0
7568  read(28,  <unfinished ...>
7557  getpeername(64,  <unfinished ...>
7568  <... read resumed>0x7fd146ff9710, 1024) = -1 EAGAIN (Resource temporarily unavailable)
7557  <... getpeername resumed>0x55fa52f86940, [128]) = -1 ENOTCONN (Transport endpoint is not connected)
7568  prctl(PR_GET_NAME,  <unfinished ...>
7557  prctl(PR_GET_NAME,  <unfinished ...>
7568  <... prctl resumed>"event poller 8") = 0
7557  <... prctl resumed>"MediaServer") = 0
7568  epoll_ctl(30, EPOLL_CTL_ADD, 64, {events=EPOLLIN|EPOLLERR|EPOLLHUP|EPOLLEXCLUSIVE|EPOLLET, data={u32=64, u64=64}} <unfinished ...>
7557  prctl(PR_GET_NAME,  <unfinished ...>
7568  <... epoll_ctl resumed>)          = 0
7557  <... prctl resumed>"MediaServer") = 0
7568  epoll_wait(30,  <unfinished ...>
7557  write(44, "\0", 1 <unfinished ...>
7559  <... clock_nanosleep resumed>NULL) = 0
7573  <... epoll_wait resumed>[{events=EPOLLIN, data={u32=43, u64=43}}], 1024, 2000) = 1
7559  clock_nanosleep(CLOCK_REALTIME, 0, {tv_sec=0, tv_nsec=500000},  <unfinished ...>
7557  <... write resumed>)              = 1
7573  read(43,  <unfinished ...>
7557  getsockname(64,  <unfinished ...>
7573  <... read resumed>"\0", 1024)     = 1
7557  <... getsockname resumed>{sa_family=AF_INET6, sin6_port=htons(554), sin6_flowinfo=htonl(0), inet_pton(AF_INET6, "::", &sin6_addr), sin6_scope_id=0}, [128 => 28]) = 0
7573  read(43,  <unfinished ...>
7557  getpeername(64,  <unfinished ...>
7573  <... read resumed>0x7fd127ffb710, 1024) = -1 EAGAIN (Resource temporarily unavailable)
7557  <... getpeername resumed>0x55fa52f89140, [128]) = -1 ENOTCONN (Transport endpoint is not connected)
7573  prctl(PR_GET_NAME,  <unfinished ...>
7557  prctl(PR_GET_NAME,  <unfinished ...>
7573  <... prctl resumed>"event poller 13") = 0
7557  <... prctl resumed>"MediaServer") = 0
7573  epoll_ctl(45, EPOLL_CTL_ADD, 64, {events=EPOLLIN|EPOLLERR|EPOLLHUP|EPOLLEXCLUSIVE|EPOLLET, data={u32=64, u64=64}} <unfinished ...>
7557  prctl(PR_GET_NAME,  <unfinished ...>
7573  <... epoll_ctl resumed>)          = 0
7557  <... prctl resumed>"MediaServer") = 0
7573  epoll_wait(45,  <unfinished ...>
7557  write(14, "\0", 1 <unfinished ...>
7563  <... epoll_wait resumed>[{events=EPOLLIN, data={u32=13, u64=13}}], 1024, 2000) = 1
7557  <... write resumed>)              = 1
7563  read(13,  <unfinished ...>
7557  getsockname(64,  <unfinished ...>
7563  <... read resumed>"\0", 1024)     = 1
7557  <... getsockname resumed>{sa_family=AF_INET6, sin6_port=htons(554), sin6_flowinfo=htonl(0), inet_pton(AF_INET6, "::", &sin6_addr), sin6_scope_id=0}, [128 => 28]) = 0
7563  read(13,  <unfinished ...>
7557  getpeername(64,  <unfinished ...>
7563  <... read resumed>0x7fd165ff7710, 1024) = -1 EAGAIN (Resource temporarily unavailable)
7557  <... getpeername resumed>0x55fa52f84140, [128]) = -1 ENOTCONN (Transport endpoint is not connected)
7563  prctl(PR_GET_NAME,  <unfinished ...>
7557  prctl(PR_GET_NAME,  <unfinished ...>
7563  <... prctl resumed>"event poller 3") = 0
7557  <... prctl resumed>"MediaServer") = 0
7563  epoll_ctl(15, EPOLL_CTL_ADD, 64, {events=EPOLLIN|EPOLLERR|EPOLLHUP|EPOLLEXCLUSIVE|EPOLLET, data={u32=64, u64=64}} <unfinished ...>
7557  prctl(PR_GET_NAME,  <unfinished ...>
7563  <... epoll_ctl resumed>)          = 0
7557  <... prctl resumed>"MediaServer") = 0
7563  epoll_wait(15,  <unfinished ...>
7557  write(17, "\0", 1 <unfinished ...>
7564  <... epoll_wait resumed>[{events=EPOLLIN, data={u32=16, u64=16}}], 1024, 1999) = 1
7557  <... write resumed>)              = 1
7564  read(16,  <unfinished ...>
7557  getsockname(64,  <unfinished ...>
7564  <... read resumed>"\0", 1024)     = 1
7557  <... getsockname resumed>{sa_family=AF_INET6, sin6_port=htons(554), sin6_flowinfo=htonl(0), inet_pton(AF_INET6, "::", &sin6_addr), sin6_scope_id=0}, [128 => 28]) = 0
7564  read(16,  <unfinished ...>
7557  getpeername(64,  <unfinished ...>
7564  <... read resumed>0x7fd1657f6710, 1024) = -1 EAGAIN (Resource temporarily unavailable)
7557  <... getpeername resumed>0x55fa52f84940, [128]) = -1 ENOTCONN (Transport endpoint is not connected)
7564  prctl(PR_GET_NAME,  <unfinished ...>
7559  <... clock_nanosleep resumed>NULL) = 0
7564  <... prctl resumed>"event poller 4") = 0
7557  prctl(PR_GET_NAME,  <unfinished ...>
7564  epoll_ctl(18, EPOLL_CTL_ADD, 64, {events=EPOLLIN|EPOLLERR|EPOLLHUP|EPOLLEXCLUSIVE|EPOLLET, data={u32=64, u64=64}} <unfinished ...>
7559  clock_nanosleep(CLOCK_REALTIME, 0, {tv_sec=0, tv_nsec=500000},  <unfinished ...>
7564  <... epoll_ctl resumed>)          = 0
7557  <... prctl resumed>"MediaServer") = 0
7564  epoll_wait(18,  <unfinished ...>
7557  prctl(PR_GET_NAME, "MediaServer") = 0
7557  write(50, "\0", 1 <unfinished ...>
7575  <... epoll_wait resumed>[{events=EPOLLIN, data={u32=49, u64=49}}], 1024, 1999) = 1
7557  <... write resumed>)              = 1
7575  read(49,  <unfinished ...>
7557  getsockname(64,  <unfinished ...>
7575  <... read resumed>"\0", 1024)     = 1
7557  <... getsockname resumed>{sa_family=AF_INET6, sin6_port=htons(554), sin6_flowinfo=htonl(0), inet_pton(AF_INET6, "::", &sin6_addr), sin6_scope_id=0}, [128 => 28]) = 0
7575  read(49,  <unfinished ...>
7557  getpeername(64,  <unfinished ...>
7575  <... read resumed>0x7fd126ff9710, 1024) = -1 EAGAIN (Resource temporarily unavailable)
7557  <... getpeername resumed>0x55fa52f8a230, [128]) = -1 ENOTCONN (Transport endpoint is not connected)
7575  prctl(PR_GET_NAME,  <unfinished ...>
7557  prctl(PR_GET_NAME,  <unfinished ...>
7575  <... prctl resumed>"event poller 15") = 0
7557  <... prctl resumed>"MediaServer") = 0
7575  epoll_ctl(51, EPOLL_CTL_ADD, 64, {events=EPOLLIN|EPOLLERR|EPOLLHUP|EPOLLEXCLUSIVE|EPOLLET, data={u32=64, u64=64}} <unfinished ...>
7557  prctl(PR_GET_NAME,  <unfinished ...>
7575  <... epoll_ctl resumed>)          = 0
7557  <... prctl resumed>"MediaServer") = 0
7575  epoll_wait(51,  <unfinished ...>
7557  write(20, "\0", 1 <unfinished ...>
7565  <... epoll_wait resumed>[{events=EPOLLIN, data={u32=19, u64=19}}], 1024, 2000) = 1
7557  <... write resumed>)              = 1
7565  read(19,  <unfinished ...>
7557  getsockname(64,  <unfinished ...>
7565  <... read resumed>"\0", 1024)     = 1
7557  <... getsockname resumed>{sa_family=AF_INET6, sin6_port=htons(554), sin6_flowinfo=htonl(0), inet_pton(AF_INET6, "::", &sin6_addr), sin6_scope_id=0}, [128 => 28]) = 0
7565  read(19,  <unfinished ...>
7557  getpeername(64,  <unfinished ...>
7565  <... read resumed>0x7fd164ff5710, 1024) = -1 EAGAIN (Resource temporarily unavailable)
7557  <... getpeername resumed>0x55fa52f85140, [128]) = -1 ENOTCONN (Transport endpoint is not connected)
7565  prctl(PR_GET_NAME,  <unfinished ...>
7557  prctl(PR_GET_NAME, "MediaServer") = 0
7557  prctl(PR_GET_NAME,  <unfinished ...>
7565  <... prctl resumed>"event poller 5") = 0
7557  <... prctl resumed>"MediaServer") = 0
7565  epoll_ctl(21, EPOLL_CTL_ADD, 64, {events=EPOLLIN|EPOLLERR|EPOLLHUP|EPOLLEXCLUSIVE|EPOLLET, data={u32=64, u64=64}} <unfinished ...>
7559  <... clock_nanosleep resumed>NULL) = 0
7557  write(11, "\0", 1 <unfinished ...>
7565  <... epoll_ctl resumed>)          = 0
7562  <... epoll_wait resumed>[{events=EPOLLIN, data={u32=10, u64=10}}], 1024, 2000) = 1
7559  clock_nanosleep(CLOCK_REALTIME, 0, {tv_sec=0, tv_nsec=500000},  <unfinished ...>
7557  <... write resumed>)              = 1
7565  epoll_wait(21,  <unfinished ...>
7562  read(10, "\0", 1024)              = 1
7562  read(10, 0x7fd1667f8710, 1024)    = -1 EAGAIN (Resource temporarily unavailable)
7557  getsockname(64,  <unfinished ...>
7562  prctl(PR_GET_NAME,  <unfinished ...>
7557  <... getsockname resumed>{sa_family=AF_INET6, sin6_port=htons(554), sin6_flowinfo=htonl(0), inet_pton(AF_INET6, "::", &sin6_addr), sin6_scope_id=0}, [128 => 28]) = 0
7562  <... prctl resumed>"event poller 2") = 0
7557  getpeername(64,  <unfinished ...>
7562  epoll_ctl(12, EPOLL_CTL_ADD, 64, {events=EPOLLIN|EPOLLERR|EPOLLHUP|EPOLLEXCLUSIVE|EPOLLET, data={u32=64, u64=64}} <unfinished ...>
7557  <... getpeername resumed>0x55fa52f83940, [128]) = -1 ENOTCONN (Transport endpoint is not connected)
7562  <... epoll_ctl resumed>)          = 0
7557  prctl(PR_GET_NAME,  <unfinished ...>
7562  epoll_wait(12,  <unfinished ...>
7557  <... prctl resumed>"MediaServer") = 0
7557  prctl(PR_GET_NAME, "MediaServer") = 0
7557  write(41, "\0", 1 <unfinished ...>
7572  <... epoll_wait resumed>[{events=EPOLLIN, data={u32=40, u64=40}}], 1024, 2000) = 1
7557  <... write resumed>)              = 1
7572  read(40,  <unfinished ...>
7557  getsockname(64,  <unfinished ...>
7572  <... read resumed>"\0", 1024)     = 1
7557  <... getsockname resumed>{sa_family=AF_INET6, sin6_port=htons(554), sin6_flowinfo=htonl(0), inet_pton(AF_INET6, "::", &sin6_addr), sin6_scope_id=0}, [128 => 28]) = 0
7572  read(40,  <unfinished ...>
7557  getpeername(64,  <unfinished ...>
7572  <... read resumed>0x7fd144ff5710, 1024) = -1 EAGAIN (Resource temporarily unavailable)
7557  <... getpeername resumed>0x55fa52f88940, [128]) = -1 ENOTCONN (Transport endpoint is not connected)
7572  prctl(PR_GET_NAME,  <unfinished ...>
7557  prctl(PR_GET_NAME,  <unfinished ...>
7572  <... prctl resumed>"event poller 12") = 0
7557  <... prctl resumed>"MediaServer") = 0
7572  epoll_ctl(42, EPOLL_CTL_ADD, 64, {events=EPOLLIN|EPOLLERR|EPOLLHUP|EPOLLEXCLUSIVE|EPOLLET, data={u32=64, u64=64}} <unfinished ...>
7557  prctl(PR_GET_NAME,  <unfinished ...>
7572  <... epoll_ctl resumed>)          = 0
7557  <... prctl resumed>"MediaServer") = 0
7572  epoll_wait(42,  <unfinished ...>
7559  <... clock_nanosleep resumed>NULL) = 0
7557  write(38, "\0", 1 <unfinished ...>
7559  clock_nanosleep(CLOCK_REALTIME, 0, {tv_sec=0, tv_nsec=500000},  <unfinished ...>
7571  <... epoll_wait resumed>[{events=EPOLLIN, data={u32=37, u64=37}}], 1024, 1999) = 1
7557  <... write resumed>)              = 1
7571  read(37,  <unfinished ...>
7557  getsockname(64,  <unfinished ...>
7571  <... read resumed>"\0", 1024)     = 1
7557  <... getsockname resumed>{sa_family=AF_INET6, sin6_port=htons(554), sin6_flowinfo=htonl(0), inet_pton(AF_INET6, "::", &sin6_addr), sin6_scope_id=0}, [128 => 28]) = 0
7571  read(37,  <unfinished ...>
7557  getpeername(64,  <unfinished ...>
7571  <... read resumed>0x7fd1457f6710, 1024) = -1 EAGAIN (Resource temporarily unavailable)
7557  <... getpeername resumed>0x55fa52f88140, [128]) = -1 ENOTCONN (Transport endpoint is not connected)
7571  prctl(PR_GET_NAME,  <unfinished ...>
7557  prctl(PR_GET_NAME,  <unfinished ...>
7571  <... prctl resumed>"event poller 11") = 0
7557  <... prctl resumed>"MediaServer") = 0
7571  epoll_ctl(39, EPOLL_CTL_ADD, 64, {events=EPOLLIN|EPOLLERR|EPOLLHUP|EPOLLEXCLUSIVE|EPOLLET, data={u32=64, u64=64}} <unfinished ...>
7557  prctl(PR_GET_NAME,  <unfinished ...>
7571  <... epoll_ctl resumed>)          = 0
7557  <... prctl resumed>"MediaServer") = 0
7571  epoll_wait(39,  <unfinished ...>
7557  write(26, "\0", 1 <unfinished ...>
7567  <... epoll_wait resumed>[{events=EPOLLIN, data={u32=25, u64=25}}], 1024, 2000) = 1
7557  <... write resumed>)              = 1
7567  read(25,  <unfinished ...>
7557  getsockname(64,  <unfinished ...>
7567  <... read resumed>"\0", 1024)     = 1
7557  <... getsockname resumed>{sa_family=AF_INET6, sin6_port=htons(554), sin6_flowinfo=htonl(0), inet_pton(AF_INET6, "::", &sin6_addr), sin6_scope_id=0}, [128 => 28]) = 0
7567  read(25,  <unfinished ...>
7557  getpeername(64,  <unfinished ...>
7567  <... read resumed>0x7fd1477fa710, 1024) = -1 EAGAIN (Resource temporarily unavailable)
7557  <... getpeername resumed>0x55fa52f86140, [128]) = -1 ENOTCONN (Transport endpoint is not connected)
7567  prctl(PR_GET_NAME, "event poller 7") = 0
7557  prctl(PR_GET_NAME,  <unfinished ...>
7567  epoll_ctl(27, EPOLL_CTL_ADD, 64, {events=EPOLLIN|EPOLLERR|EPOLLHUP|EPOLLEXCLUSIVE|EPOLLET, data={u32=64, u64=64}} <unfinished ...>
7557  <... prctl resumed>"MediaServer") = 0
7567  <... epoll_ctl resumed>)          = 0
7559  <... clock_nanosleep resumed>NULL) = 0
7567  epoll_wait(27,  <unfinished ...>
7557  prctl(PR_GET_NAME,  <unfinished ...>
7559  clock_nanosleep(CLOCK_REALTIME, 0, {tv_sec=0, tv_nsec=500000},  <unfinished ...>
7557  <... prctl resumed>"MediaServer") = 0
7557  write(32, "\0", 1 <unfinished ...>
7569  <... epoll_wait resumed>[{events=EPOLLIN, data={u32=31, u64=31}}], 1024, 1999) = 1
7557  <... write resumed>)              = 1
7569  read(31,  <unfinished ...>
7557  getsockname(64,  <unfinished ...>
7569  <... read resumed>"\0", 1024)     = 1
7557  <... getsockname resumed>{sa_family=AF_INET6, sin6_port=htons(554), sin6_flowinfo=htonl(0), inet_pton(AF_INET6, "::", &sin6_addr), sin6_scope_id=0}, [128 => 28]) = 0
7569  read(31,  <unfinished ...>
7557  getpeername(64,  <unfinished ...>
7569  <... read resumed>0x7fd1467f8710, 1024) = -1 EAGAIN (Resource temporarily unavailable)
7557  <... getpeername resumed>0x55fa52f87140, [128]) = -1 ENOTCONN (Transport endpoint is not connected)
7569  prctl(PR_GET_NAME,  <unfinished ...>
7557  prctl(PR_GET_NAME,  <unfinished ...>
7569  <... prctl resumed>"event poller 9") = 0
7557  <... prctl resumed>"MediaServer") = 0
7569  epoll_ctl(33, EPOLL_CTL_ADD, 64, {events=EPOLLIN|EPOLLERR|EPOLLHUP|EPOLLEXCLUSIVE|EPOLLET, data={u32=64, u64=64}} <unfinished ...>
7557  prctl(PR_GET_NAME,  <unfinished ...>
7569  <... epoll_ctl resumed>)          = 0
7557  <... prctl resumed>"MediaServer") = 0
7569  epoll_wait(33,  <unfinished ...>
7557  write(23, "\0", 1 <unfinished ...>
7566  <... epoll_wait resumed>[{events=EPOLLIN, data={u32=22, u64=22}}], 1024, 1999) = 1
7557  <... write resumed>)              = 1
7566  read(22,  <unfinished ...>
7557  getsockname(64,  <unfinished ...>
7566  <... read resumed>"\0", 1024)     = 1
7557  <... getsockname resumed>{sa_family=AF_INET6, sin6_port=htons(554), sin6_flowinfo=htonl(0), inet_pton(AF_INET6, "::", &sin6_addr), sin6_scope_id=0}, [128 => 28]) = 0
7566  read(22,  <unfinished ...>
7557  getpeername(64,  <unfinished ...>
7566  <... read resumed>0x7fd147ffb710, 1024) = -1 EAGAIN (Resource temporarily unavailable)
7557  <... getpeername resumed>0x55fa52f85940, [128]) = -1 ENOTCONN (Transport endpoint is not connected)
7566  prctl(PR_GET_NAME,  <unfinished ...>
7557  prctl(PR_GET_NAME,  <unfinished ...>
7566  <... prctl resumed>"event poller 6") = 0
7557  <... prctl resumed>"MediaServer") = 0
7566  epoll_ctl(24, EPOLL_CTL_ADD, 64, {events=EPOLLIN|EPOLLERR|EPOLLHUP|EPOLLEXCLUSIVE|EPOLLET, data={u32=64, u64=64}} <unfinished ...>
7557  prctl(PR_GET_NAME,  <unfinished ...>
7566  <... epoll_ctl resumed>)          = 0
7557  <... prctl resumed>"MediaServer") = 0
7566  epoll_wait(24,  <unfinished ...>
7557  write(35, "\0", 1 <unfinished ...>
7570  <... epoll_wait resumed>[{events=EPOLLIN, data={u32=34, u64=34}}], 1024, 2000) = 1
7557  <... write resumed>)              = 1
7570  read(34,  <unfinished ...>
7559  <... clock_nanosleep resumed>NULL) = 0
7570  <... read resumed>"\0", 1024)     = 1
7557  getsockname(64,  <unfinished ...>
7570  read(34,  <unfinished ...>
7559  clock_nanosleep(CLOCK_REALTIME, 0, {tv_sec=0, tv_nsec=500000},  <unfinished ...>
7570  <... read resumed>0x7fd145ff7710, 1024) = -1 EAGAIN (Resource temporarily unavailable)
7557  <... getsockname resumed>{sa_family=AF_INET6, sin6_port=htons(554), sin6_flowinfo=htonl(0), inet_pton(AF_INET6, "::", &sin6_addr), sin6_scope_id=0}, [128 => 28]) = 0
7570  prctl(PR_GET_NAME,  <unfinished ...>
7557  getpeername(64,  <unfinished ...>
7570  <... prctl resumed>"event poller 10") = 0
7557  <... getpeername resumed>0x55fa52f87940, [128]) = -1 ENOTCONN (Transport endpoint is not connected)
7570  epoll_ctl(36, EPOLL_CTL_ADD, 64, {events=EPOLLIN|EPOLLERR|EPOLLHUP|EPOLLEXCLUSIVE|EPOLLET, data={u32=64, u64=64}} <unfinished ...>
7557  prctl(PR_GET_NAME,  <unfinished ...>
7570  <... epoll_ctl resumed>)          = 0
7557  <... prctl resumed>"MediaServer") = 0
7570  epoll_wait(36,  <unfinished ...>
7557  futex(0x55fa52e9d28c, FUTEX_WAKE_PRIVATE, 1 <unfinished ...>
7558  <... futex resumed>)              = 0
7557  <... futex resumed>)              = 1
7558  futex(0x55fa52ea3040, FUTEX_WAIT_PRIVATE, 2, NULL <unfinished ...>
7557  futex(0x55fa52ea3040, FUTEX_WAKE_PRIVATE, 1 <unfinished ...>
7558  <... futex resumed>)              = -1 EAGAIN (Resource temporarily unavailable)
7557  <... futex resumed>)              = 0
7558  futex(0x55fa52ea3040, FUTEX_WAKE_PRIVATE, 1) = 0
7557  prctl(PR_GET_NAME,  <unfinished ...>
7558  getpid( <unfinished ...>
7557  <... prctl resumed>"MediaServer") = 0
7558  <... getpid resumed>)             = 7557
7557  prctl(PR_GET_NAME,  <unfinished ...>
7558  write(1, "\33[36m2024-01-19 16:03:47.816 I ["..., 130 <unfinished ...>
7557  <... prctl resumed>"MediaServer") = 0
7558  <... write resumed>)              = 130
7557  prctl(PR_GET_NAME,  <unfinished ...>
7558  getpid( <unfinished ...>
7557  <... prctl resumed>"MediaServer") = 0
7558  <... getpid resumed>)             = 7557
7558  write(3, "2024-01-19 16:03:47.816 I [Media"..., 121 <unfinished ...>
7557  prctl(PR_GET_NAME,  <unfinished ...>
7558  <... write resumed>)              = 121
7557  <... prctl resumed>"MediaServer") = 0
7558  futex(0x55fa52e9d288, FUTEX_WAIT_BITSET_PRIVATE|FUTEX_CLOCK_REALTIME, 0, NULL, FUTEX_BITSET_MATCH_ANY <unfinished ...>
7557  write(5, "\0", 1 <unfinished ...>
7560  <... epoll_wait resumed>[{events=EPOLLIN, data={u32=4, u64=4}}], 1024, 1925) = 1
7557  <... write resumed>)              = 1
7560  read(4,  <unfinished ...>
7559  <... clock_nanosleep resumed>NULL) = 0
7560  <... read resumed>"\0", 1024)     = 1
7557  prctl(PR_GET_NAME,  <unfinished ...>
7560  read(4,  <unfinished ...>
7559  clock_nanosleep(CLOCK_REALTIME, 0, {tv_sec=0, tv_nsec=500000},  <unfinished ...>
7560  <... read resumed>0x7fd1677fa710, 1024) = -1 EAGAIN (Resource temporarily unavailable)
7557  <... prctl resumed>"MediaServer") = 0
7560  epoll_wait(6,  <unfinished ...>
7557  prctl(PR_GET_NAME, "MediaServer") = 0
7557  prctl(PR_GET_NAME, "MediaServer") = 0
7557  prctl(PR_GET_NAME, "MediaServer") = 0
7557  write(8, "\0", 1 <unfinished ...>
7561  <... epoll_wait resumed>[{events=EPOLLIN, data={u32=7, u64=7}}], 1024, 1925) = 1
7557  <... write resumed>)              = 1
7561  read(7, "\0", 1024)               = 1
7557  prctl(PR_GET_NAME,  <unfinished ...>
7561  read(7,  <unfinished ...>
7557  <... prctl resumed>"MediaServer") = 0
7561  <... read resumed>0x7fd166ff9710, 1024) = -1 EAGAIN (Resource temporarily unavailable)
7557  prctl(PR_GET_NAME,  <unfinished ...>
7561  epoll_wait(9,  <unfinished ...>
7557  <... prctl resumed>"MediaServer") = 0
7557  prctl(PR_GET_NAME, "MediaServer") = 0
7557  prctl(PR_GET_NAME, "MediaServer") = 0
7557  write(11, "\0", 1 <unfinished ...>
7562  <... epoll_wait resumed>[{events=EPOLLIN, data={u32=10, u64=10}}], 1024, 1924) = 1
7557  <... write resumed>)              = 1
7562  read(10,  <unfinished ...>
7559  <... clock_nanosleep resumed>NULL) = 0
7562  <... read resumed>"\0", 1024)     = 1
7557  brk(0x55fa52fb1000 <unfinished ...>
7562  read(10,  <unfinished ...>
7559  clock_nanosleep(CLOCK_REALTIME, 0, {tv_sec=0, tv_nsec=500000},  <unfinished ...>
7562  <... read resumed>0x7fd1667f8710, 1024) = -1 EAGAIN (Resource temporarily unavailable)
7557  <... brk resumed>)                = 0x55fa52fb1000
7562  epoll_wait(12,  <unfinished ...>
7557  prctl(PR_GET_NAME, "MediaServer") = 0
7557  prctl(PR_GET_NAME, "MediaServer") = 0
7557  prctl(PR_GET_NAME, "MediaServer") = 0
7557  prctl(PR_GET_NAME, "MediaServer") = 0
7557  write(14, "\0", 1 <unfinished ...>
7563  <... epoll_wait resumed>[{events=EPOLLIN, data={u32=13, u64=13}}], 1024, 1925) = 1
7557  <... write resumed>)              = 1
7563  read(13,  <unfinished ...>
7557  prctl(PR_GET_NAME,  <unfinished ...>
7563  <... read resumed>"\0", 1024)     = 1
7557  <... prctl resumed>"MediaServer") = 0
7563  read(13,  <unfinished ...>
7557  prctl(PR_GET_NAME,  <unfinished ...>
7563  <... read resumed>0x7fd165ff7710, 1024) = -1 EAGAIN (Resource temporarily unavailable)
7557  <... prctl resumed>"MediaServer") = 0
7563  epoll_wait(15,  <unfinished ...>
7557  prctl(PR_GET_NAME, "MediaServer") = 0
7557  prctl(PR_GET_NAME, "MediaServer") = 0
7557  write(17, "\0", 1 <unfinished ...>
7564  <... epoll_wait resumed>[{events=EPOLLIN, data={u32=16, u64=16}}], 1024, 1924) = 1
7557  <... write resumed>)              = 1
7564  read(16, "\0", 1024)              = 1
7559  <... clock_nanosleep resumed>NULL) = 0
7557  prctl(PR_GET_NAME,  <unfinished ...>
7564  read(16,  <unfinished ...>
7559  clock_nanosleep(CLOCK_REALTIME, 0, {tv_sec=0, tv_nsec=500000},  <unfinished ...>
7564  <... read resumed>0x7fd1657f6710, 1024) = -1 EAGAIN (Resource temporarily unavailable)
7557  <... prctl resumed>"MediaServer") = 0
7564  epoll_wait(18,  <unfinished ...>
7557  prctl(PR_GET_NAME, "MediaServer") = 0
7557  prctl(PR_GET_NAME, "MediaServer") = 0
7557  prctl(PR_GET_NAME, "MediaServer") = 0
7557  write(20, "\0", 1 <unfinished ...>
7565  <... epoll_wait resumed>[{events=EPOLLIN, data={u32=19, u64=19}}], 1024, 1925) = 1
7557  <... write resumed>)              = 1
7565  read(19,  <unfinished ...>
7557  prctl(PR_GET_NAME,  <unfinished ...>
7565  <... read resumed>"\0", 1024)     = 1
7557  <... prctl resumed>"MediaServer") = 0
7565  read(19,  <unfinished ...>
7557  prctl(PR_GET_NAME,  <unfinished ...>
7565  <... read resumed>0x7fd164ff5710, 1024) = -1 EAGAIN (Resource temporarily unavailable)
7557  <... prctl resumed>"MediaServer") = 0
7565  epoll_wait(21,  <unfinished ...>
7557  prctl(PR_GET_NAME, "MediaServer") = 0
7557  prctl(PR_GET_NAME, "MediaServer") = 0
7557  write(23, "\0", 1 <unfinished ...>
7566  <... epoll_wait resumed>[{events=EPOLLIN, data={u32=22, u64=22}}], 1024, 1923) = 1
7557  <... write resumed>)              = 1
7566  read(22, "\0", 1024)              = 1
7557  prctl(PR_GET_NAME,  <unfinished ...>
7566  read(22,  <unfinished ...>
7559  <... clock_nanosleep resumed>NULL) = 0
7566  <... read resumed>0x7fd147ffb710, 1024) = -1 EAGAIN (Resource temporarily unavailable)
7557  <... prctl resumed>"MediaServer") = 0
7566  epoll_wait(24,  <unfinished ...>
7559  clock_nanosleep(CLOCK_REALTIME, 0, {tv_sec=0, tv_nsec=500000},  <unfinished ...>
7557  prctl(PR_GET_NAME, "MediaServer") = 0
7557  prctl(PR_GET_NAME, "MediaServer") = 0
7557  prctl(PR_GET_NAME, "MediaServer") = 0
7557  write(26, "\0", 1 <unfinished ...>
7567  <... epoll_wait resumed>[{events=EPOLLIN, data={u32=25, u64=25}}], 1024, 1925) = 1
7557  <... write resumed>)              = 1
7567  read(25, "\0", 1024)              = 1
7557  prctl(PR_GET_NAME,  <unfinished ...>
7567  read(25,  <unfinished ...>
7557  <... prctl resumed>"MediaServer") = 0
7567  <... read resumed>0x7fd1477fa710, 1024) = -1 EAGAIN (Resource temporarily unavailable)
7557  prctl(PR_GET_NAME,  <unfinished ...>
7567  epoll_wait(27,  <unfinished ...>
7557  <... prctl resumed>"MediaServer") = 0
7557  prctl(PR_GET_NAME, "MediaServer") = 0
7557  prctl(PR_GET_NAME, "MediaServer") = 0
7557  write(29, "\0", 1 <unfinished ...>
7568  <... epoll_wait resumed>[{events=EPOLLIN, data={u32=28, u64=28}}], 1024, 1928) = 1
7557  <... write resumed>)              = 1
7568  read(28, "\0", 1024)              = 1
7557  prctl(PR_GET_NAME,  <unfinished ...>
7568  read(28,  <unfinished ...>
7559  <... clock_nanosleep resumed>NULL) = 0
7568  <... read resumed>0x7fd146ff9710, 1024) = -1 EAGAIN (Resource temporarily unavailable)
7557  <... prctl resumed>"MediaServer") = 0
7568  epoll_wait(30,  <unfinished ...>
7559  clock_nanosleep(CLOCK_REALTIME, 0, {tv_sec=0, tv_nsec=500000},  <unfinished ...>
7557  prctl(PR_GET_NAME, "MediaServer") = 0
7557  prctl(PR_GET_NAME, "MediaServer") = 0
7557  prctl(PR_GET_NAME, "MediaServer") = 0
7557  write(32, "\0", 1 <unfinished ...>
7569  <... epoll_wait resumed>[{events=EPOLLIN, data={u32=31, u64=31}}], 1024, 1924) = 1
7557  <... write resumed>)              = 1
7569  read(31,  <unfinished ...>
7557  prctl(PR_GET_NAME,  <unfinished ...>
7569  <... read resumed>"\0", 1024)     = 1
7557  <... prctl resumed>"MediaServer") = 0
7569  read(31,  <unfinished ...>
7557  prctl(PR_GET_NAME,  <unfinished ...>
7569  <... read resumed>0x7fd1467f8710, 1024) = -1 EAGAIN (Resource temporarily unavailable)
7557  <... prctl resumed>"MediaServer") = 0
7569  epoll_wait(33,  <unfinished ...>
7557  prctl(PR_GET_NAME, "MediaServer") = 0
7557  prctl(PR_GET_NAME, "MediaServer") = 0
7557  write(35, "\0", 1 <unfinished ...>
7570  <... epoll_wait resumed>[{events=EPOLLIN, data={u32=34, u64=34}}], 1024, 1925) = 1
7557  <... write resumed>)              = 1
7570  read(34, "\0", 1024)              = 1
7557  prctl(PR_GET_NAME,  <unfinished ...>
7570  read(34,  <unfinished ...>
7559  <... clock_nanosleep resumed>NULL) = 0
7557  <... prctl resumed>"MediaServer") = 0
7570  <... read resumed>0x7fd145ff7710, 1024) = -1 EAGAIN (Resource temporarily unavailable)
7559  clock_nanosleep(CLOCK_REALTIME, 0, {tv_sec=0, tv_nsec=500000},  <unfinished ...>
7570  epoll_wait(36,  <unfinished ...>
7557  prctl(PR_GET_NAME, "MediaServer") = 0
7557  prctl(PR_GET_NAME, "MediaServer") = 0
7557  prctl(PR_GET_NAME, "MediaServer") = 0
7557  write(38, "\0", 1 <unfinished ...>
7571  <... epoll_wait resumed>[{events=EPOLLIN, data={u32=37, u64=37}}], 1024, 1926) = 1
7557  <... write resumed>)              = 1
7571  read(37, "\0", 1024)              = 1
7557  prctl(PR_GET_NAME,  <unfinished ...>
7571  read(37,  <unfinished ...>
7557  <... prctl resumed>"MediaServer") = 0
7571  <... read resumed>0x7fd1457f6710, 1024) = -1 EAGAIN (Resource temporarily unavailable)
7557  prctl(PR_GET_NAME,  <unfinished ...>
7571  epoll_wait(39,  <unfinished ...>
7557  <... prctl resumed>"MediaServer") = 0
7557  prctl(PR_GET_NAME, "MediaServer") = 0
7557  prctl(PR_GET_NAME, "MediaServer") = 0
7557  write(41, "\0", 1 <unfinished ...>
7572  <... epoll_wait resumed>[{events=EPOLLIN, data={u32=40, u64=40}}], 1024, 1928) = 1
7557  <... write resumed>)              = 1
7572  read(40,  <unfinished ...>
7559  <... clock_nanosleep resumed>NULL) = 0
7572  <... read resumed>"\0", 1024)     = 1
7557  prctl(PR_GET_NAME,  <unfinished ...>
7572  read(40,  <unfinished ...>
7559  clock_nanosleep(CLOCK_REALTIME, 0, {tv_sec=0, tv_nsec=500000},  <unfinished ...>
7572  <... read resumed>0x7fd144ff5710, 1024) = -1 EAGAIN (Resource temporarily unavailable)
7557  <... prctl resumed>"MediaServer") = 0
7572  epoll_wait(42,  <unfinished ...>
7557  prctl(PR_GET_NAME, "MediaServer") = 0
7557  prctl(PR_GET_NAME, "MediaServer") = 0
7557  prctl(PR_GET_NAME, "MediaServer") = 0
7557  write(44, "\0", 1 <unfinished ...>
7573  <... epoll_wait resumed>[{events=EPOLLIN, data={u32=43, u64=43}}], 1024, 1929) = 1
7557  <... write resumed>)              = 1
7573  read(43,  <unfinished ...>
7557  prctl(PR_GET_NAME,  <unfinished ...>
7573  <... read resumed>"\0", 1024)     = 1
7557  <... prctl resumed>"MediaServer") = 0
7573  read(43,  <unfinished ...>
7557  prctl(PR_GET_NAME,  <unfinished ...>
7573  <... read resumed>0x7fd127ffb710, 1024) = -1 EAGAIN (Resource temporarily unavailable)
7557  <... prctl resumed>"MediaServer") = 0
7573  epoll_wait(45,  <unfinished ...>
7557  prctl(PR_GET_NAME, "MediaServer") = 0
7557  prctl(PR_GET_NAME,  <unfinished ...>
7559  <... clock_nanosleep resumed>NULL) = 0
7557  <... prctl resumed>"MediaServer") = 0
7559  clock_nanosleep(CLOCK_REALTIME, 0, {tv_sec=0, tv_nsec=500000},  <unfinished ...>
7557  write(47, "\0", 1)                = 1
7574  <... epoll_wait resumed>[{events=EPOLLIN, data={u32=46, u64=46}}], 1024, 1930) = 1
7574  read(46,  <unfinished ...>
7557  prctl(PR_GET_NAME,  <unfinished ...>
7574  <... read resumed>"\0", 1024)     = 1
7557  <... prctl resumed>"MediaServer") = 0
7574  read(46,  <unfinished ...>
7557  prctl(PR_GET_NAME,  <unfinished ...>
7574  <... read resumed>0x7fd1277fa710, 1024) = -1 EAGAIN (Resource temporarily unavailable)
7557  <... prctl resumed>"MediaServer") = 0
7574  epoll_wait(48,  <unfinished ...>
7557  prctl(PR_GET_NAME, "MediaServer") = 0
7557  prctl(PR_GET_NAME, "MediaServer") = 0
7557  write(50, "\0", 1)                = 1
7575  <... epoll_wait resumed>[{events=EPOLLIN, data={u32=49, u64=49}}], 1024, 1928) = 1
7575  read(49,  <unfinished ...>
7557  prctl(PR_GET_NAME,  <unfinished ...>
7575  <... read resumed>"\0", 1024)     = 1
7557  <... prctl resumed>"MediaServer") = 0
7575  read(49, 0x7fd126ff9710, 1024)    = -1 EAGAIN (Resource temporarily unavailable)
7559  <... clock_nanosleep resumed>NULL) = 0
7557  prctl(PR_GET_NAME,  <unfinished ...>
7575  epoll_wait(51,  <unfinished ...>
7559  clock_nanosleep(CLOCK_REALTIME, 0, {tv_sec=0, tv_nsec=500000},  <unfinished ...>
7557  <... prctl resumed>"MediaServer") = 0
7557  prctl(PR_GET_NAME, "MediaServer") = 0
7557  prctl(PR_GET_NAME, "MediaServer") = 0
7557  write(53, "\0", 1 <unfinished ...>
7576  <... epoll_wait resumed>[{events=EPOLLIN, data={u32=52, u64=52}}], 1024, 1931) = 1
7557  <... write resumed>)              = 1
7576  read(52, "\0", 1024)              = 1
7557  prctl(PR_GET_NAME,  <unfinished ...>
7576  read(52,  <unfinished ...>
7557  <... prctl resumed>"MediaServer") = 0
7576  <... read resumed>0x7fd1267f8710, 1024) = -1 EAGAIN (Resource temporarily unavailable)
7557  prctl(PR_GET_NAME,  <unfinished ...>
7576  epoll_wait(54,  <unfinished ...>
7557  <... prctl resumed>"MediaServer") = 0
7557  prctl(PR_GET_NAME, "MediaServer") = 0
7557  prctl(PR_GET_NAME, "MediaServer") = 0
7557  write(56, "\0", 1 <unfinished ...>
7559  <... clock_nanosleep resumed>NULL) = 0
7577  <... epoll_wait resumed>[{events=EPOLLIN, data={u32=55, u64=55}}], 1024, 1931) = 1
7559  clock_nanosleep(CLOCK_REALTIME, 0, {tv_sec=0, tv_nsec=500000},  <unfinished ...>
7557  <... write resumed>)              = 1
7577  read(55, "\0", 1024)              = 1
7557  prctl(PR_GET_NAME,  <unfinished ...>
7577  read(55,  <unfinished ...>
7557  <... prctl resumed>"MediaServer") = 0
7577  <... read resumed>0x7fd125ff7710, 1024) = -1 EAGAIN (Resource temporarily unavailable)
7557  prctl(PR_GET_NAME,  <unfinished ...>
7577  epoll_wait(57,  <unfinished ...>
7557  <... prctl resumed>"MediaServer") = 0
7557  prctl(PR_GET_NAME, "MediaServer") = 0
7557  prctl(PR_GET_NAME, "MediaServer") = 0
7557  write(59, "\0", 1 <unfinished ...>
7578  <... epoll_wait resumed>[{events=EPOLLIN, data={u32=58, u64=58}}], 1024, 1933) = 1
7557  <... write resumed>)              = 1
7578  read(58, "\0", 1024)              = 1
7557  prctl(PR_GET_NAME,  <unfinished ...>
7578  read(58,  <unfinished ...>
7557  <... prctl resumed>"MediaServer") = 0
7578  <... read resumed>0x7fd1257f6710, 1024) = -1 EAGAIN (Resource temporarily unavailable)
7557  prctl(PR_GET_NAME,  <unfinished ...>
7578  epoll_wait(60,  <unfinished ...>
7557  <... prctl resumed>"MediaServer") = 0
7557  prctl(PR_GET_NAME, "MediaServer") = 0
7557  prctl(PR_GET_NAME, "MediaServer") = 0
7557  write(62, "\0", 1 <unfinished ...>
7559  <... clock_nanosleep resumed>NULL) = 0
7579  <... epoll_wait resumed>[{events=EPOLLIN, data={u32=61, u64=61}}], 1024, 1933) = 1
7557  <... write resumed>)              = 1
7579  read(61,  <unfinished ...>
7559  clock_nanosleep(CLOCK_REALTIME, 0, {tv_sec=0, tv_nsec=500000},  <unfinished ...>
7579  <... read resumed>"\0", 1024)     = 1
7557  socket(AF_INET6, SOCK_STREAM, IPPROTO_TCP <unfinished ...>
7579  read(61,  <unfinished ...>
7557  <... socket resumed>)             = 65
7579  <... read resumed>0x7fd124ff5710, 1024) = -1 EAGAIN (Resource temporarily unavailable)
7557  setsockopt(65, SOL_SOCKET, SO_REUSEADDR, [1], 4 <unfinished ...>
7579  epoll_wait(63,  <unfinished ...>
7557  <... setsockopt resumed>)         = 0
7557  ioctl(65, FIONBIO, [1])           = 0
7557  fcntl(65, F_GETFD)                = 0
7557  fcntl(65, F_SETFD, FD_CLOEXEC)    = 0
7557  setsockopt(65, SOL_IPV6, IPV6_V6ONLY, [0], 4) = 0
7557  bind(65, {sa_family=AF_INET6, sin6_port=htons(1935), sin6_flowinfo=htonl(0), inet_pton(AF_INET6, "::", &sin6_addr), sin6_scope_id=0}, 28) = 0
7557  listen(65, 1024)                  = 0
7557  prctl(PR_GET_NAME, "MediaServer") = 0
7557  prctl(PR_GET_NAME, "MediaServer") = 0
7559  <... clock_nanosleep resumed>NULL) = 0
7557  write(5, "\0", 1 <unfinished ...>
7559  clock_nanosleep(CLOCK_REALTIME, 0, {tv_sec=0, tv_nsec=500000},  <unfinished ...>
7560  <... epoll_wait resumed>[{events=EPOLLIN, data={u32=4, u64=4}}], 1024, 1919) = 1
7557  <... write resumed>)              = 1
7560  read(4, "\0", 1024)               = 1
7560  read(4,  <unfinished ...>
7557  getsockname(65,  <unfinished ...>
7560  <... read resumed>0x7fd1677fa710, 1024) = -1 EAGAIN (Resource temporarily unavailable)
7560  prctl(PR_GET_NAME,  <unfinished ...>
7557  <... getsockname resumed>{sa_family=AF_INET6, sin6_port=htons(1935), sin6_flowinfo=htonl(0), inet_pton(AF_INET6, "::", &sin6_addr), sin6_scope_id=0}, [128 => 28]) = 0
7560  <... prctl resumed>"event poller 0") = 0
7560  epoll_ctl(6, EPOLL_CTL_ADD, 65, {events=EPOLLIN|EPOLLERR|EPOLLHUP|EPOLLEXCLUSIVE|EPOLLET, data={u32=65, u64=65}} <unfinished ...>
7557  getpeername(65,  <unfinished ...>
7560  <... epoll_ctl resumed>)          = 0
7560  epoll_wait(6,  <unfinished ...>
7557  <... getpeername resumed>0x55fa52f8e940, [128]) = -1 ENOTCONN (Transport endpoint is not connected)
7557  prctl(PR_GET_NAME, "MediaServer") = 0
7557  prctl(PR_GET_NAME, "MediaServer") = 0
7557  write(62, "\0", 1 <unfinished ...>
7579  <... epoll_wait resumed>[{events=EPOLLIN, data={u32=61, u64=61}}], 1024, 1921) = 1
7557  <... write resumed>)              = 1
7579  read(61,  <unfinished ...>
7557  getsockname(65,  <unfinished ...>
7579  <... read resumed>"\0", 1024)     = 1
7557  <... getsockname resumed>{sa_family=AF_INET6, sin6_port=htons(1935), sin6_flowinfo=htonl(0), inet_pton(AF_INET6, "::", &sin6_addr), sin6_scope_id=0}, [128 => 28]) = 0
7579  read(61,  <unfinished ...>
7557  getpeername(65,  <unfinished ...>
7579  <... read resumed>0x7fd124ff5710, 1024) = -1 EAGAIN (Resource temporarily unavailable)
7557  <... getpeername resumed>0x55fa52f98180, [128]) = -1 ENOTCONN (Transport endpoint is not connected)
7579  prctl(PR_GET_NAME,  <unfinished ...>
7557  prctl(PR_GET_NAME,  <unfinished ...>
7579  <... prctl resumed>"event poller 19") = 0
7557  <... prctl resumed>"MediaServer") = 0
7579  epoll_ctl(63, EPOLL_CTL_ADD, 65, {events=EPOLLIN|EPOLLERR|EPOLLHUP|EPOLLEXCLUSIVE|EPOLLET, data={u32=65, u64=65}} <unfinished ...>
7557  prctl(PR_GET_NAME,  <unfinished ...>
7579  <... epoll_ctl resumed>)          = 0
7557  <... prctl resumed>"MediaServer") = 0
7579  epoll_wait(63,  <unfinished ...>
7557  write(59, "\0", 1 <unfinished ...>
7578  <... epoll_wait resumed>[{events=EPOLLIN, data={u32=58, u64=58}}], 1024, 1921) = 1
7557  <... write resumed>)              = 1
7578  read(58,  <unfinished ...>
7559  <... clock_nanosleep resumed>NULL) = 0
7578  <... read resumed>"\0", 1024)     = 1
7557  getsockname(65,  <unfinished ...>
7578  read(58,  <unfinished ...>
7559  clock_nanosleep(CLOCK_REALTIME, 0, {tv_sec=0, tv_nsec=500000},  <unfinished ...>
7578  <... read resumed>0x7fd1257f6710, 1024) = -1 EAGAIN (Resource temporarily unavailable)
7557  <... getsockname resumed>{sa_family=AF_INET6, sin6_port=htons(1935), sin6_flowinfo=htonl(0), inet_pton(AF_INET6, "::", &sin6_addr), sin6_scope_id=0}, [128 => 28]) = 0
7578  prctl(PR_GET_NAME,  <unfinished ...>
7557  getpeername(65,  <unfinished ...>
7578  <... prctl resumed>"event poller 18") = 0
7557  <... getpeername resumed>0x55fa52f97980, [128]) = -1 ENOTCONN (Transport endpoint is not connected)
7578  epoll_ctl(60, EPOLL_CTL_ADD, 65, {events=EPOLLIN|EPOLLERR|EPOLLHUP|EPOLLEXCLUSIVE|EPOLLET, data={u32=65, u64=65}} <unfinished ...>
7557  prctl(PR_GET_NAME,  <unfinished ...>
7578  <... epoll_ctl resumed>)          = 0
7557  <... prctl resumed>"MediaServer") = 0
7578  epoll_wait(60,  <unfinished ...>
7557  prctl(PR_GET_NAME, "MediaServer") = 0
7557  write(56, "\0", 1 <unfinished ...>
7577  <... epoll_wait resumed>[{events=EPOLLIN, data={u32=55, u64=55}}], 1024, 1920) = 1
7557  <... write resumed>)              = 1
7577  read(55,  <unfinished ...>
7557  getsockname(65,  <unfinished ...>
7577  <... read resumed>"\0", 1024)     = 1
7577  read(55,  <unfinished ...>
7557  <... getsockname resumed>{sa_family=AF_INET6, sin6_port=htons(1935), sin6_flowinfo=htonl(0), inet_pton(AF_INET6, "::", &sin6_addr), sin6_scope_id=0}, [128 => 28]) = 0
7577  <... read resumed>0x7fd125ff7710, 1024) = -1 EAGAIN (Resource temporarily unavailable)
7557  getpeername(65,  <unfinished ...>
7577  prctl(PR_GET_NAME,  <unfinished ...>
7557  <... getpeername resumed>0x55fa52f97180, [128]) = -1 ENOTCONN (Transport endpoint is not connected)
7577  <... prctl resumed>"event poller 17") = 0
7557  prctl(PR_GET_NAME,  <unfinished ...>
7577  epoll_ctl(57, EPOLL_CTL_ADD, 65, {events=EPOLLIN|EPOLLERR|EPOLLHUP|EPOLLEXCLUSIVE|EPOLLET, data={u32=65, u64=65}} <unfinished ...>
7557  <... prctl resumed>"MediaServer") = 0
7577  <... epoll_ctl resumed>)          = 0
7557  prctl(PR_GET_NAME,  <unfinished ...>
7577  epoll_wait(57,  <unfinished ...>
7557  <... prctl resumed>"MediaServer") = 0
7557  write(53, "\0", 1 <unfinished ...>
7576  <... epoll_wait resumed>[{events=EPOLLIN, data={u32=52, u64=52}}], 1024, 1921) = 1
7557  <... write resumed>)              = 1
7576  read(52,  <unfinished ...>
7559  <... clock_nanosleep resumed>NULL) = 0
7576  <... read resumed>"\0", 1024)     = 1
7557  getsockname(65,  <unfinished ...>
7559  clock_nanosleep(CLOCK_REALTIME, 0, {tv_sec=0, tv_nsec=500000},  <unfinished ...>
7576  read(52,  <unfinished ...>
7557  <... getsockname resumed>{sa_family=AF_INET6, sin6_port=htons(1935), sin6_flowinfo=htonl(0), inet_pton(AF_INET6, "::", &sin6_addr), sin6_scope_id=0}, [128 => 28]) = 0
7576  <... read resumed>0x7fd1267f8710, 1024) = -1 EAGAIN (Resource temporarily unavailable)
7557  getpeername(65,  <unfinished ...>
7576  prctl(PR_GET_NAME, "event poller 16") = 0
7557  <... getpeername resumed>0x55fa52f96980, [128]) = -1 ENOTCONN (Transport endpoint is not connected)
7576  epoll_ctl(54, EPOLL_CTL_ADD, 65, {events=EPOLLIN|EPOLLERR|EPOLLHUP|EPOLLEXCLUSIVE|EPOLLET, data={u32=65, u64=65}}) = 0
7557  prctl(PR_GET_NAME,  <unfinished ...>
7576  epoll_wait(54,  <unfinished ...>
7557  <... prctl resumed>"MediaServer") = 0
7557  prctl(PR_GET_NAME, "MediaServer") = 0
7557  write(47, "\0", 1 <unfinished ...>
7574  <... epoll_wait resumed>[{events=EPOLLIN, data={u32=46, u64=46}}], 1024, 1921) = 1
7557  <... write resumed>)              = 1
7574  read(46,  <unfinished ...>
7557  getsockname(65,  <unfinished ...>
7574  <... read resumed>"\0", 1024)     = 1
7557  <... getsockname resumed>{sa_family=AF_INET6, sin6_port=htons(1935), sin6_flowinfo=htonl(0), inet_pton(AF_INET6, "::", &sin6_addr), sin6_scope_id=0}, [128 => 28]) = 0
7574  read(46,  <unfinished ...>
7557  getpeername(65,  <unfinished ...>
7574  <... read resumed>0x7fd1277fa710, 1024) = -1 EAGAIN (Resource temporarily unavailable)
7557  <... getpeername resumed>0x55fa52f95980, [128]) = -1 ENOTCONN (Transport endpoint is not connected)
7574  prctl(PR_GET_NAME,  <unfinished ...>
7557  prctl(PR_GET_NAME,  <unfinished ...>
7574  <... prctl resumed>"event poller 14") = 0
7557  <... prctl resumed>"MediaServer") = 0
7574  epoll_ctl(48, EPOLL_CTL_ADD, 65, {events=EPOLLIN|EPOLLERR|EPOLLHUP|EPOLLEXCLUSIVE|EPOLLET, data={u32=65, u64=65}} <unfinished ...>
7557  prctl(PR_GET_NAME,  <unfinished ...>
7574  <... epoll_ctl resumed>)          = 0
7557  <... prctl resumed>"MediaServer") = 0
7574  epoll_wait(48,  <unfinished ...>
7557  write(8, "\0", 1 <unfinished ...>
7561  <... epoll_wait resumed>[{events=EPOLLIN, data={u32=7, u64=7}}], 1024, 1920) = 1
7557  <... write resumed>)              = 1
7561  read(7,  <unfinished ...>
7557  getsockname(65,  <unfinished ...>
7561  <... read resumed>"\0", 1024)     = 1
7559  <... clock_nanosleep resumed>NULL) = 0
7557  <... getsockname resumed>{sa_family=AF_INET6, sin6_port=htons(1935), sin6_flowinfo=htonl(0), inet_pton(AF_INET6, "::", &sin6_addr), sin6_scope_id=0}, [128 => 28]) = 0
7561  read(7,  <unfinished ...>
7559  clock_nanosleep(CLOCK_REALTIME, 0, {tv_sec=0, tv_nsec=500000},  <unfinished ...>
7561  <... read resumed>0x7fd166ff9710, 1024) = -1 EAGAIN (Resource temporarily unavailable)
7557  getpeername(65,  <unfinished ...>
7561  prctl(PR_GET_NAME,  <unfinished ...>
7557  <... getpeername resumed>0x55fa52f8f0d0, [128]) = -1 ENOTCONN (Transport endpoint is not connected)
7561  <... prctl resumed>"event poller 1") = 0
